TAP version 13
# Subtest: FWE-013-A01 exact current headings, order, duplicate and injection rejection
ok 1 - FWE-013-A01 exact current headings, order, duplicate and injection rejection
  ---
  duration_ms: 2.956673
  ...
# Subtest: FWE-014-A01 stable checklist ids and administrative counts
ok 2 - FWE-014-A01 stable checklist ids and administrative counts
  ---
  duration_ms: 2.057606
  ...
# Subtest: FWE-014-A02 current source-bound proof only; human boundary never accepted
ok 3 - FWE-014-A02 current source-bound proof only; human boundary never accepted
  ---
  duration_ms: 10.072284
  ...
# Subtest: FWE-014-A03 contradictory phase/health and applicability block
ok 4 - FWE-014-A03 contradictory phase/health and applicability block
  ---
  duration_ms: 0.868954
  ...
# Subtest: FWE-014-A04 raw artifact bytes bind every executable assertion
ok 5 - FWE-014-A04 raw artifact bytes bind every executable assertion
  ---
  duration_ms: 19.261382
  ...
# Subtest: FWE-014-A05 required check PASS needs trusted bound raw receipt
ok 6 - FWE-014-A05 required check PASS needs trusted bound raw receipt
  ---
  duration_ms: 2.22261
  ...
# Subtest: FWE-013-A02 different directions share exact Russian headings and safe strings
ok 7 - FWE-013-A02 different directions share exact Russian headings and safe strings
  ---
  duration_ms: 2.51539
  ...
# Subtest: FWE-013-S02 and FWE-015-S01 actual Git owner, freeze, legacy history, queued panel
ok 8 - FWE-013-S02 and FWE-015-S01 actual Git owner, freeze, legacy history, queued panel
  ---
  duration_ms: 145.00292
  ...
# Subtest: FWE-015 no UI operation and self-declared panel flags remain NOT_OPENED
ok 9 - FWE-015 no UI operation and self-declared panel flags remain NOT_OPENED
  ---
  duration_ms: 51.374136
  ...
# Subtest: FWE-015 freeze arriving during awaited trusted proof defers the write
ok 10 - FWE-015 freeze arriving during awaited trusted proof defers the write
  ---
  duration_ms: 66.01828
  ...
# Subtest: FWE-013 status target cannot overwrite an in-scope non-dashboard file
ok 11 - FWE-013 status target cannot overwrite an in-scope non-dashboard file
  ---
  duration_ms: 84.691216
  ...
1..11
# tests 11
# suites 0
# pass 11
# fail 0
# cancelled 0
# skipped 0
# todo 0
# duration_ms 400.289452
