TAP version 13
# Subtest: FWE-007-S01 applicability rejects null and scalar plans with stable shape issues
ok 1 - FWE-007-S01 applicability rejects null and scalar plans with stable shape issues
  ---
  duration_ms: 2.45458
  ...
# Subtest: FWE-007-S02 applicability verification rejects malformed plans and options before proof access
ok 2 - FWE-007-S02 applicability verification rejects malformed plans and options before proof access
  ---
  duration_ms: 3.072162
  ...
# Subtest: FWE-005-S01 transition rejects null and scalar options before gate access
ok 3 - FWE-005-S01 transition rejects null and scalar options before gate access
  ---
  duration_ms: 5.567969
  ...
# Subtest: FWE-001-S04 closure planner rejects null and scalar options without an operation plan
ok 4 - FWE-001-S04 closure planner rejects null and scalar options without an operation plan
  ---
  duration_ms: 2.945413
  ...
# Subtest: FWE-001-S04 closure executor rejects null and scalar options before filesystem access
ok 5 - FWE-001-S04 closure executor rejects null and scalar options before filesystem access
  ---
  duration_ms: 2.037299
  ...
1..5
# tests 5
# suites 0
# pass 5
# fail 0
# cancelled 0
# skipped 0
# todo 0
# duration_ms 39.306314
TAP version 13
# Subtest: FWE-001-S02 versioned manifest accepts safe separate owner and scope fields
ok 1 - FWE-001-S02 versioned manifest accepts safe separate owner and scope fields
  ---
  duration_ms: 4.746093
  ...
# Subtest: FWE-001-S01 rejects unsafe direction identity, branch and owner paths
ok 2 - FWE-001-S01 rejects unsafe direction identity, branch and owner paths
  ---
  duration_ms: 1.587589
  ...
# Subtest: FWE-001-S04 rejects unknown schema, unsafe glob, frozen overlap and widened closure destination
ok 3 - FWE-001-S04 rejects unknown schema, unsafe glob, frozen overlap and widened closure destination
  ---
  duration_ms: 2.818357
  ...
# Subtest: FWE-005-S01 phase, health and applicability are separate exact enums
ok 4 - FWE-005-S01 phase, health and applicability are separate exact enums
  ---
  duration_ms: 0.568787
  ...
# Subtest: FWE-005-S01 progress edits preserve reviewed scope while allowed paths and acceptance links change it
ok 5 - FWE-005-S01 progress edits preserve reviewed scope while allowed paths and acceptance links change it
  ---
  duration_ms: 3.791125
  ...
# Subtest: FWE-004-S01 traceability links requirement to scenario, task, assertion and bound run
ok 6 - FWE-004-S01 traceability links requirement to scenario, task, assertion and bound run
  ---
  duration_ms: 1.022588
  ...
# Subtest: FWE-004-S01 critical requirement needs negative and boundary controls, with no fake completed run
ok 7 - FWE-004-S01 critical requirement needs negative and boundary controls, with no fake completed run
  ---
  duration_ms: 0.387818
  ...
# Subtest: FWE-004-S01 traced PASS text needs trusted current run proof
ok 8 - FWE-004-S01 traced PASS text needs trusted current run proof
  ---
  duration_ms: 3.910407
  ...
# Subtest: FWE-004-S01 human boundary is explicit rather than an implicit passing assertion
ok 9 - FWE-004-S01 human boundary is explicit rather than an implicit passing assertion
  ---
  duration_ms: 0.228946
  ...
# Subtest: FWE-004-S01 malformed trace rows return issues without throwing
ok 10 - FWE-004-S01 malformed trace rows return issues without throwing
  ---
  duration_ms: 0.328689
  ...
# Subtest: FWE-002-S02 unresolved acceptance blocks dependent task while independent research remains permitted
ok 11 - FWE-002-S02 unresolved acceptance blocks dependent task while independent research remains permitted
  ---
  duration_ms: 0.24777
  ...
# Subtest: FWE-007-S01 applicability rejects relabelled affected FAIL and accepts documented unaffected N/A
ok 12 - FWE-007-S01 applicability rejects relabelled affected FAIL and accepts documented unaffected N/A
  ---
  duration_ms: 0.316413
  ...
# Subtest: FWE-007-S02 required unavailable check blocks and never becomes PASS
ok 13 - FWE-007-S02 required unavailable check blocks and never becomes PASS
  ---
  duration_ms: 0.176876
  ...
# Subtest: FWE-007-S02 required PASS label still needs a current trusted check run
ok 14 - FWE-007-S02 required PASS label still needs a current trusted check run
  ---
  duration_ms: 0.746788
  ...
1..14
# tests 14
# suites 0
# pass 14
# fail 0
# cancelled 0
# skipped 0
# todo 0
# duration_ms 54.61915
TAP version 13
# Subtest: FWE-005-S01 PRE plus checkpoint admits normal implementation source changes
ok 1 - FWE-005-S01 PRE plus checkpoint admits normal implementation source changes
  ---
  duration_ms: 5.955378
  ...
# Subtest: FWE-005-S01 forged JSON PASS/boolean and absent proof cannot admit implementation
ok 2 - FWE-005-S01 forged JSON PASS/boolean and absent proof cannot admit implementation
  ---
  duration_ms: 6.8149
  ...
# Subtest: FWE-005-S02 skipped phase and stale PRE plan/scope are barriers
ok 3 - FWE-005-S02 skipped phase and stale PRE plan/scope are barriers
  ---
  duration_ms: 1.403245
  ...
# Subtest: FWE-005-S02 POST requires current GREEN and Verify; POST source binding is current
ok 4 - FWE-005-S02 POST requires current GREEN and Verify; POST source binding is current
  ---
  duration_ms: 2.264302
  ...
# Subtest: FWE-005-S03 diagnostic PASS does not substitute for full review
ok 5 - FWE-005-S03 diagnostic PASS does not substitute for full review
  ---
  duration_ms: 1.018803
  ...
# Subtest: FWE-008-S03 completed legacy tasks without POST/archive are pending closure
ok 6 - FWE-008-S03 completed legacy tasks without POST/archive are pending closure
  ---
  duration_ms: 0.226083
  ...
# Subtest: FWE-001-S04 scope rejects frozen writes, traversal and planning/closure confusion
ok 7 - FWE-001-S04 scope rejects frozen writes, traversal and planning/closure confusion
  ---
  duration_ms: 1.758736
  ...
# Subtest: FWE-001-S03 plans exact owner sync/archive with reference-origin relocation after verified barriers
ok 8 - FWE-001-S03 plans exact owner sync/archive with reference-origin relocation after verified barriers
  ---
  duration_ms: 2.291411
  ...
# Subtest: FWE-001-S04 closure rejects early, foreign, unsafe, stale and broken reference requests
ok 9 - FWE-001-S04 closure rejects early, foreign, unsafe, stale and broken reference requests
  ---
  duration_ms: 9.230197
  ...
# Subtest: FWE-001-S04 artifact reader hashes bytes and rejects symlink escape
ok 10 - FWE-001-S04 artifact reader hashes bytes and rejects symlink escape
  ---
  duration_ms: 52.674943
  ...
# Subtest: FWE-001-S03 disposable Git owner sync/archive preserves foreign file and raw receipt origin
ok 11 - FWE-001-S03 disposable Git owner sync/archive preserves foreign file and raw receipt origin
  ---
  duration_ms: 1317.267136
  ...
1..11
# tests 11
# suites 0
# pass 11
# fail 0
# cancelled 0
# skipped 0
# todo 0
# duration_ms 1415.431184
TAP version 13
# Subtest: I21-01 two stages own unique independent changes and semantic map is frozen
ok 1 - I21-01 two stages own unique independent changes and semantic map is frozen
  ---
  duration_ms: 9.869673
  ...
# Subtest: I21-06 malformed lists, generic requirement IDs, and Windows-invalid paths fail closed
ok 2 - I21-06 malformed lists, generic requirement IDs, and Windows-invalid paths fail closed
  ---
  duration_ms: 3.302645
  ...
# Subtest: I21-07 case folding closes frozen Apps/packages and malformed scope gaps
ok 3 - I21-07 case folding closes frozen Apps/packages and malformed scope gaps
  ---
  duration_ms: 0.995683
  ...
# Subtest: I21-05 repeated deterministic failures require classified RCA and trusted proof
ok 4 - I21-05 repeated deterministic failures require classified RCA and trusted proof
  ---
  duration_ms: 4.992022
  ...
# Subtest: I21-02/08 controlled temporary Git closure syncs only delta requirements and proves CLOSED
ok 5 - I21-02/08 controlled temporary Git closure syncs only delta requirements and proves CLOSED
  ---
  duration_ms: 8144.300369
  ...
1..5
# tests 5
# suites 0
# pass 5
# fail 0
# cancelled 0
# skipped 0
# todo 0
# duration_ms 8174.834939
TAP version 13
# Subtest: FWE-009 exact stage/type/role resolves one pair and source provenance
ok 1 - FWE-009 exact stage/type/role resolves one pair and source provenance
  ---
  duration_ms: 42.439426
  ...
# Subtest: FWE-009 missing, range and contradictory assignments block
ok 2 - FWE-009 missing, range and contradictory assignments block
  ---
  duration_ms: 18.963658
  ...
# Subtest: FWE-009 role confusion and forged request metadata cannot select a reviewer
ok 3 - FWE-009 role confusion and forged request metadata cannot select a reviewer
  ---
  duration_ms: 15.612459
  ...
# Subtest: FWE-009 direct approval must be established outside the request
ok 4 - FWE-009 direct approval must be established outside the request
  ---
  duration_ms: 13.321706
  ...
# Subtest: FWE-009 changed source bytes and changed excerpt block
ok 5 - FWE-009 changed source bytes and changed excerpt block
  ---
  duration_ms: 62.031421
  ...
# Subtest: FWE-009 reviewed task override applies only to its exact task and role
ok 6 - FWE-009 reviewed task override applies only to its exact task and role
  ---
  duration_ms: 77.301299
  ...
# Subtest: FWE-009 unapproved and duplicate task overrides block
ok 7 - FWE-009 unapproved and duplicate task overrides block
  ---
  duration_ms: 13.511392
  ...
# Subtest: FWE-012 invocation mismatch blocks; actual backend remains unattested
ok 8 - FWE-012 invocation mismatch blocks; actual backend remains unattested
  ---
  duration_ms: 45.228208
  ...
# Subtest: FWE-009 real W01 approved design and direct decisions resolve five roles
ok 9 - FWE-009 real W01 approved design and direct decisions resolve five roles
  ---
  duration_ms: 228.213591
  ...
1..9
# tests 9
# suites 0
# pass 9
# fail 0
# cancelled 0
# skipped 0
# todo 0
# duration_ms 529.011355
