TAP version 13
# Subtest: FWE-003-A01 plan previews exact owner and files without writing
ok 1 - FWE-003-A01 plan previews exact owner and files without writing
  ---
  duration_ms: 1032.077226
  ...
# Subtest: FWE-001-A01 and FWE-002-A01 create registers isolated baseline and intake
ok 2 - FWE-001-A01 and FWE-002-A01 create registers isolated baseline and intake
  ---
  duration_ms: 3286.020476
  ...
# Subtest: FWE-003-A02 same request returns owner; changed request and foreign branch blocks
ok 3 - FWE-003-A02 same request returns owner; changed request and foreign branch blocks
  ---
  duration_ms: 6869.043134
  ...
# Subtest: FWE-003-A03 retained intent recovers a registered partial worktree
ok 4 - FWE-003-A03 retained intent recovers a registered partial worktree
  ---
  duration_ms: 3527.595789
  ...
# Subtest: FWE-003-A04 rejects foreign common, traversal, link and case collisions
ok 5 - FWE-003-A04 rejects foreign common, traversal, link and case collisions
  ---
  duration_ms: 1664.491308
  ...
# Subtest: FWE-001-A02 POSIX canonical owner paths accept safe absolute and reject unsafe
ok 6 - FWE-001-A02 POSIX canonical owner paths accept safe absolute and reject unsafe
  ---
  duration_ms: 0.573755
  ...
# Subtest: FWE-003-A05 request self-approval and policy drift cannot authorize create
ok 7 - FWE-003-A05 request self-approval and policy drift cannot authorize create
  ---
  duration_ms: 1059.34303
  ...
# Subtest: FWE-001-A03 check binds manifest to owner and rejects malformed state
ok 8 - FWE-001-A03 check binds manifest to owner and rejects malformed state
  ---
  duration_ms: 3315.305627
  ...
# Subtest: FWE-003-A06 rejects pre-existing baseline state and case-variant Git ref
ok 9 - FWE-003-A06 rejects pre-existing baseline state and case-variant Git ref
  ---
  duration_ms: 2391.299358
  ...
1..9
# tests 9
# suites 0
# pass 9
# fail 0
# cancelled 0
# skipped 0
# todo 0
# duration_ms 23159.817752
