TAP version 13
# Subtest: FWE-005-S01 PRE plus checkpoint admits normal implementation source changes
ok 1 - FWE-005-S01 PRE plus checkpoint admits normal implementation source changes
  ---
  duration_ms: 5.185227
  ...
# Subtest: FWE-005-S01 forged JSON PASS/boolean and absent proof cannot admit implementation
ok 2 - FWE-005-S01 forged JSON PASS/boolean and absent proof cannot admit implementation
  ---
  duration_ms: 6.003809
  ...
# Subtest: FWE-005-S02 skipped phase and stale PRE plan/scope are barriers
ok 3 - FWE-005-S02 skipped phase and stale PRE plan/scope are barriers
  ---
  duration_ms: 3.061435
  ...
# Subtest: FWE-005-S02 POST requires current GREEN and Verify; POST source binding is current
ok 4 - FWE-005-S02 POST requires current GREEN and Verify; POST source binding is current
  ---
  duration_ms: 3.433888
  ...
# Subtest: FWE-005-S03 diagnostic PASS does not substitute for full review
ok 5 - FWE-005-S03 diagnostic PASS does not substitute for full review
  ---
  duration_ms: 1.915585
  ...
# Subtest: FWE-008-S03 completed legacy tasks without POST/archive are pending closure
ok 6 - FWE-008-S03 completed legacy tasks without POST/archive are pending closure
  ---
  duration_ms: 0.374793
  ...
# Subtest: FWE-001-S04 scope rejects frozen writes, traversal and planning/closure confusion
ok 7 - FWE-001-S04 scope rejects frozen writes, traversal and planning/closure confusion
  ---
  duration_ms: 2.519446
  ...
# Subtest: FWE-001-S03 plans exact owner sync/archive with reference-origin relocation after verified barriers
ok 8 - FWE-001-S03 plans exact owner sync/archive with reference-origin relocation after verified barriers
  ---
  duration_ms: 3.64759
  ...
# Subtest: FWE-001-S04 closure rejects early, foreign, unsafe, stale and broken reference requests
ok 9 - FWE-001-S04 closure rejects early, foreign, unsafe, stale and broken reference requests
  ---
  duration_ms: 8.181331
  ...
# Subtest: FWE-001-S04 artifact reader hashes bytes and rejects symlink escape
ok 10 - FWE-001-S04 artifact reader hashes bytes and rejects symlink escape
  ---
  duration_ms: 55.349561
  ...
# Subtest: FWE-001-S03 disposable Git owner sync/archive preserves foreign file and raw receipt origin
ok 11 - FWE-001-S03 disposable Git owner sync/archive preserves foreign file and raw receipt origin
  ---
  duration_ms: 1535.4714
  ...
1..11
# tests 11
# suites 0
# pass 11
# fail 0
# cancelled 0
# skipped 0
# todo 0
# duration_ms 1641.114736
