TAP version 13
# Subtest: FWE-001-S02 versioned manifest accepts safe separate owner and scope fields
ok 1 - FWE-001-S02 versioned manifest accepts safe separate owner and scope fields
  ---
  duration_ms: 7.798311
  ...
# Subtest: FWE-001-S01 rejects unsafe direction identity, branch and owner paths
ok 2 - FWE-001-S01 rejects unsafe direction identity, branch and owner paths
  ---
  duration_ms: 1.27847
  ...
# Subtest: FWE-001-S04 rejects unknown schema, unsafe glob, frozen overlap and widened closure destination
ok 3 - FWE-001-S04 rejects unknown schema, unsafe glob, frozen overlap and widened closure destination
  ---
  duration_ms: 2.06192
  ...
# Subtest: FWE-005-S01 phase, health and applicability are separate exact enums
ok 4 - FWE-005-S01 phase, health and applicability are separate exact enums
  ---
  duration_ms: 0.72123
  ...
# Subtest: FWE-005-S01 progress edits preserve reviewed scope while allowed paths and acceptance links change it
ok 5 - FWE-005-S01 progress edits preserve reviewed scope while allowed paths and acceptance links change it
  ---
  duration_ms: 3.016579
  ...
# Subtest: FWE-004-S01 traceability links requirement to scenario, task, assertion and bound run
ok 6 - FWE-004-S01 traceability links requirement to scenario, task, assertion and bound run
  ---
  duration_ms: 1.08886
  ...
# Subtest: FWE-004-S01 critical requirement needs negative and boundary controls, with no fake completed run
ok 7 - FWE-004-S01 critical requirement needs negative and boundary controls, with no fake completed run
  ---
  duration_ms: 0.280603
  ...
# Subtest: FWE-004-S01 traced PASS text needs trusted current run proof
ok 8 - FWE-004-S01 traced PASS text needs trusted current run proof
  ---
  duration_ms: 3.533966
  ...
# Subtest: FWE-004-S01 human boundary is explicit rather than an implicit passing assertion
ok 9 - FWE-004-S01 human boundary is explicit rather than an implicit passing assertion
  ---
  duration_ms: 0.300225
  ...
# Subtest: FWE-002-S02 unresolved acceptance blocks dependent task while independent research remains permitted
ok 10 - FWE-002-S02 unresolved acceptance blocks dependent task while independent research remains permitted
  ---
  duration_ms: 0.598009
  ...
# Subtest: FWE-007-S01 applicability rejects relabelled affected FAIL and accepts documented unaffected N/A
ok 11 - FWE-007-S01 applicability rejects relabelled affected FAIL and accepts documented unaffected N/A
  ---
  duration_ms: 0.591095
  ...
# Subtest: FWE-007-S02 required unavailable check blocks and never becomes PASS
ok 12 - FWE-007-S02 required unavailable check blocks and never becomes PASS
  ---
  duration_ms: 0.186662
  ...
# Subtest: FWE-007-S02 required PASS label still needs a current trusted check run
ok 13 - FWE-007-S02 required PASS label still needs a current trusted check run
  ---
  duration_ms: 0.95598
  ...
1..13
# tests 13
# suites 0
# pass 13
# fail 0
# cancelled 0
# skipped 0
# todo 0
# duration_ms 64.994262
