TAP version 13
# Subtest: FWE-003-A01 plan previews exact owner and files without writing
ok 1 - FWE-003-A01 plan previews exact owner and files without writing # SKIP test name does not match pattern
  ---
  duration_ms: 2.379951
  ...
# Subtest: FWE-001-A01 and FWE-002-A01 create registers isolated baseline and intake
ok 2 - FWE-001-A01 and FWE-002-A01 create registers isolated baseline and intake # SKIP test name does not match pattern
  ---
  duration_ms: 0.145063
  ...
# Subtest: FWE-003-A02 same request returns owner; changed request and foreign branch blocks
ok 3 - FWE-003-A02 same request returns owner; changed request and foreign branch blocks # SKIP test name does not match pattern
  ---
  duration_ms: 0.110134
  ...
# Subtest: FWE-003-A03 retained intent recovers a registered partial worktree
ok 4 - FWE-003-A03 retained intent recovers a registered partial worktree # SKIP test name does not match pattern
  ---
  duration_ms: 0.112442
  ...
# Subtest: FWE-003-A04 rejects foreign common, traversal, link and case collisions
ok 5 - FWE-003-A04 rejects foreign common, traversal, link and case collisions # SKIP test name does not match pattern
  ---
  duration_ms: 0.143804
  ...
# Subtest: FWE-001-A02 POSIX canonical owner paths accept safe absolute and reject unsafe
ok 6 - FWE-001-A02 POSIX canonical owner paths accept safe absolute and reject unsafe # SKIP test name does not match pattern
  ---
  duration_ms: 0.087583
  ...
# Subtest: FWE-003-A05 request self-approval and policy drift cannot authorize create
ok 7 - FWE-003-A05 request self-approval and policy drift cannot authorize create # SKIP test name does not match pattern
  ---
  duration_ms: 0.092198
  ...
# Subtest: FWE-001-A03 check binds manifest to owner and rejects malformed state
ok 8 - FWE-001-A03 check binds manifest to owner and rejects malformed state # SKIP test name does not match pattern
  ---
  duration_ms: 0.250896
  ...
# Subtest: FWE-003-A06 rejects pre-existing baseline state and case-variant Git ref
ok 9 - FWE-003-A06 rejects pre-existing baseline state and case-variant Git ref # SKIP test name does not match pattern
  ---
  duration_ms: 0.106988
  ...
# Subtest: I23-07 installed service cannot create without an external exact request grant
ok 10 - I23-07 installed service cannot create without an external exact request grant
  ---
  duration_ms: 360.363688
  ...
# Subtest: I23-07 grant for alpha rejects changed identity, title, goal, outcomes, baseline and parent
ok 11 - I23-07 grant for alpha rejects changed identity, title, goal, outcomes, baseline and parent
  ---
  duration_ms: 490.684865
  ...
# Subtest: I23-07 linked or forged grant cannot approve creation
ok 12 - I23-07 linked or forged grant cannot approve creation
  ---
  duration_ms: 137.425369
  ...
# Subtest: I23-08 retained origin fixes original baseline after branch progress
ok 13 - I23-08 retained origin fixes original baseline after branch progress
  ---
  duration_ms: 288.661275
  ...
# Subtest: I23-08 check requires both exact retained origin records
ok 14 - I23-08 check requires both exact retained origin records
  ---
  duration_ms: 202.174002
  ...
# Subtest: I23-08 foreign malformed manifest is rejected as unowned before JSON parsing
ok 15 - I23-08 foreign malformed manifest is rejected as unowned before JSON parsing
  ---
  duration_ms: 224.42912
  ...
# Subtest: I23-07 request-specific approval cannot create a different direction
ok 16 - I23-07 request-specific approval cannot create a different direction
  ---
  duration_ms: 76.50679
  ...
# Subtest: I23-08 immutable original baseline cannot move to a legitimate ancestor
ok 17 - I23-08 immutable original baseline cannot move to a legitimate ancestor
  ---
  duration_ms: 251.437951
  ...
# Subtest: I23-09 actual OpenSpec validates the created draft
ok 18 - I23-09 actual OpenSpec validates the created draft # SKIP test name does not match pattern
  ---
  duration_ms: 0.33292
  ...
1..18
# tests 18
# suites 0
# pass 8
# fail 0
# cancelled 0
# skipped 10
# todo 0
# duration_ms 2054.93075
