TAP version 13
# Subtest: FWE-003-A01 plan previews exact owner and files without writing
ok 1 - FWE-003-A01 plan previews exact owner and files without writing
  ---
  duration_ms: 113.154113
  ...
# Subtest: FWE-001-A01 and FWE-002-A01 create registers isolated baseline and intake
ok 2 - FWE-001-A01 and FWE-002-A01 create registers isolated baseline and intake
  ---
  duration_ms: 173.735611
  ...
# Subtest: FWE-003-A02 same request returns owner; changed request and foreign branch blocks
ok 3 - FWE-003-A02 same request returns owner; changed request and foreign branch blocks
  ---
  duration_ms: 356.238851
  ...
# Subtest: FWE-003-A03 retained intent recovers a registered partial worktree
ok 4 - FWE-003-A03 retained intent recovers a registered partial worktree
  ---
  duration_ms: 187.12658
  ...
# Subtest: FWE-003-A04 rejects foreign common, traversal, link and case collisions
ok 5 - FWE-003-A04 rejects foreign common, traversal, link and case collisions
  ---
  duration_ms: 148.443904
  ...
# Subtest: FWE-001-A02 POSIX canonical owner paths accept safe absolute and reject unsafe
ok 6 - FWE-001-A02 POSIX canonical owner paths accept safe absolute and reject unsafe
  ---
  duration_ms: 0.615922
  ...
# Subtest: FWE-003-A05 request self-approval and policy drift cannot authorize create
ok 7 - FWE-003-A05 request self-approval and policy drift cannot authorize create
  ---
  duration_ms: 43.741033
  ...
# Subtest: FWE-001-A03 check binds manifest to owner and rejects malformed state
ok 8 - FWE-001-A03 check binds manifest to owner and rejects malformed state
  ---
  duration_ms: 185.434923
  ...
# Subtest: FWE-003-A06 rejects pre-existing baseline state and case-variant Git ref
ok 9 - FWE-003-A06 rejects pre-existing baseline state and case-variant Git ref
  ---
  duration_ms: 131.641383
  ...
# Subtest: I23-07 installed service cannot create without an external exact request grant
ok 10 - I23-07 installed service cannot create without an external exact request grant
  ---
  duration_ms: 230.801166
  ...
# Subtest: I23-07 grant for alpha rejects changed identity, title, goal, outcomes, baseline and parent
ok 11 - I23-07 grant for alpha rejects changed identity, title, goal, outcomes, baseline and parent
  ---
  duration_ms: 390.637293
  ...
# Subtest: I23-07 linked or forged grant cannot approve creation
ok 12 - I23-07 linked or forged grant cannot approve creation
  ---
  duration_ms: 113.360819
  ...
# Subtest: I23-08 retained origin fixes original baseline after branch progress
ok 13 - I23-08 retained origin fixes original baseline after branch progress
  ---
  duration_ms: 245.632714
  ...
# Subtest: I23-08 check requires both exact retained origin records
ok 14 - I23-08 check requires both exact retained origin records
  ---
  duration_ms: 183.278449
  ...
# Subtest: I23-08 foreign malformed manifest is rejected as unowned before JSON parsing
ok 15 - I23-08 foreign malformed manifest is rejected as unowned before JSON parsing
  ---
  duration_ms: 191.090995
  ...
1..15
# tests 15
# suites 0
# pass 15
# fail 0
# cancelled 0
# skipped 0
# todo 0
# duration_ms 2710.231434
