TAP version 13
# Subtest: FWE-003-A01 plan previews exact owner and files without writing
ok 1 - FWE-003-A01 plan previews exact owner and files without writing # SKIP test name does not match pattern
  ---
  duration_ms: 1.855661
  ...
# Subtest: FWE-001-A01 and FWE-002-A01 create registers isolated baseline and intake
ok 2 - FWE-001-A01 and FWE-002-A01 create registers isolated baseline and intake # SKIP test name does not match pattern
  ---
  duration_ms: 0.099311
  ...
# Subtest: FWE-003-A02 same request returns owner; changed request and foreign branch blocks
ok 3 - FWE-003-A02 same request returns owner; changed request and foreign branch blocks # SKIP test name does not match pattern
  ---
  duration_ms: 0.093742
  ...
# Subtest: FWE-003-A03 retained intent recovers a registered partial worktree
ok 4 - FWE-003-A03 retained intent recovers a registered partial worktree # SKIP test name does not match pattern
  ---
  duration_ms: 0.094258
  ...
# Subtest: FWE-003-A04 rejects foreign common, traversal, link and case collisions
ok 5 - FWE-003-A04 rejects foreign common, traversal, link and case collisions # SKIP test name does not match pattern
  ---
  duration_ms: 0.09828
  ...
# Subtest: FWE-001-A02 POSIX canonical owner paths accept safe absolute and reject unsafe
ok 6 - FWE-001-A02 POSIX canonical owner paths accept safe absolute and reject unsafe # SKIP test name does not match pattern
  ---
  duration_ms: 0.07456
  ...
# Subtest: FWE-003-A05 request self-approval and policy drift cannot authorize create
ok 7 - FWE-003-A05 request self-approval and policy drift cannot authorize create # SKIP test name does not match pattern
  ---
  duration_ms: 0.077655
  ...
# Subtest: FWE-001-A03 check binds manifest to owner and rejects malformed state
ok 8 - FWE-001-A03 check binds manifest to owner and rejects malformed state # SKIP test name does not match pattern
  ---
  duration_ms: 0.205325
  ...
# Subtest: FWE-003-A06 rejects pre-existing baseline state and case-variant Git ref
ok 9 - FWE-003-A06 rejects pre-existing baseline state and case-variant Git ref # SKIP test name does not match pattern
  ---
  duration_ms: 0.095392
  ...
# Subtest: I23-07 installed service cannot create without an external exact request grant
ok 10 - I23-07 installed service cannot create without an external exact request grant
  ---
  duration_ms: 293.048149
  ...
# Subtest: I23-07 grant for alpha rejects changed identity, title, goal, outcomes, baseline and parent
ok 11 - I23-07 grant for alpha rejects changed identity, title, goal, outcomes, baseline and parent
  ---
  duration_ms: 414.535037
  ...
# Subtest: I23-07 linked or forged grant cannot approve creation
ok 12 - I23-07 linked or forged grant cannot approve creation
  ---
  duration_ms: 101.623254
  ...
# Subtest: I23-08 retained origin fixes original baseline after branch progress
ok 13 - I23-08 retained origin fixes original baseline after branch progress
  ---
  duration_ms: 237.059668
  ...
# Subtest: I23-08 check requires both exact retained origin records
ok 14 - I23-08 check requires both exact retained origin records
  ---
  duration_ms: 172.800638
  ...
# Subtest: I23-08 foreign malformed manifest is rejected as unowned before JSON parsing
ok 15 - I23-08 foreign malformed manifest is rejected as unowned before JSON parsing
  ---
  duration_ms: 181.796683
  ...
# Subtest: I23-07 request-specific approval cannot create a different direction
ok 16 - I23-07 request-specific approval cannot create a different direction
  ---
  duration_ms: 64.948329
  ...
# Subtest: I23-08 immutable original baseline cannot move to a legitimate ancestor
ok 17 - I23-08 immutable original baseline cannot move to a legitimate ancestor
  ---
  duration_ms: 183.521064
  ...
# Subtest: I23-09 actual OpenSpec validates the created draft
ok 18 - I23-09 actual OpenSpec validates the created draft # SKIP test name does not match pattern
  ---
  duration_ms: 0.264416
  ...
1..18
# tests 18
# suites 0
# pass 8
# fail 0
# cancelled 0
# skipped 10
# todo 0
# duration_ms 1666.265287
