TAP version 13
# Subtest: FWE-003-A01 plan previews exact owner and files without writing
ok 1 - FWE-003-A01 plan previews exact owner and files without writing
  ---
  duration_ms: 116.257195
  ...
# Subtest: FWE-001-A01 and FWE-002-A01 create registers isolated baseline and intake
ok 2 - FWE-001-A01 and FWE-002-A01 create registers isolated baseline and intake
  ---
  duration_ms: 163.939492
  ...
# Subtest: FWE-003-A02 same request returns owner; changed request and foreign branch blocks
ok 3 - FWE-003-A02 same request returns owner; changed request and foreign branch blocks
  ---
  duration_ms: 355.753483
  ...
# Subtest: FWE-003-A03 retained intent recovers a registered partial worktree
ok 4 - FWE-003-A03 retained intent recovers a registered partial worktree
  ---
  duration_ms: 180.148392
  ...
# Subtest: FWE-003-A04 rejects foreign common, traversal, link and case collisions
ok 5 - FWE-003-A04 rejects foreign common, traversal, link and case collisions
  ---
  duration_ms: 153.967293
  ...
# Subtest: FWE-001-A02 POSIX canonical owner paths accept safe absolute and reject unsafe
ok 6 - FWE-001-A02 POSIX canonical owner paths accept safe absolute and reject unsafe
  ---
  duration_ms: 0.45
  ...
# Subtest: FWE-003-A05 request self-approval and policy drift cannot authorize create
ok 7 - FWE-003-A05 request self-approval and policy drift cannot authorize create
  ---
  duration_ms: 42.718398
  ...
# Subtest: FWE-001-A03 check binds manifest to owner and rejects malformed state
ok 8 - FWE-001-A03 check binds manifest to owner and rejects malformed state
  ---
  duration_ms: 188.580491
  ...
# Subtest: I23-WIN manifest boundary accepts native and canonical owner paths only
ok 9 - I23-WIN manifest boundary accepts native and canonical owner paths only
  ---
  duration_ms: 225.210489
  ...
# Subtest: FWE-003-A06 rejects pre-existing baseline state and case-variant Git ref
ok 10 - FWE-003-A06 rejects pre-existing baseline state and case-variant Git ref
  ---
  duration_ms: 123.452694
  ...
# Subtest: I23-07 installed service cannot create without an external exact request grant
ok 11 - I23-07 installed service cannot create without an external exact request grant
  ---
  duration_ms: 230.40169
  ...
# Subtest: I23-07 grant for alpha rejects changed identity, title, goal, outcomes, baseline and parent
ok 12 - I23-07 grant for alpha rejects changed identity, title, goal, outcomes, baseline and parent
  ---
  duration_ms: 385.351681
  ...
# Subtest: I23-07 linked or forged grant cannot approve creation
ok 13 - I23-07 linked or forged grant cannot approve creation
  ---
  duration_ms: 122.304395
  ...
# Subtest: I23-08 retained origin fixes original baseline after branch progress
ok 14 - I23-08 retained origin fixes original baseline after branch progress
  ---
  duration_ms: 211.66639
  ...
# Subtest: I23-08 check requires both exact retained origin records
ok 15 - I23-08 check requires both exact retained origin records
  ---
  duration_ms: 158.973092
  ...
# Subtest: I23-08 foreign malformed manifest is rejected as unowned before JSON parsing
ok 16 - I23-08 foreign malformed manifest is rejected as unowned before JSON parsing
  ---
  duration_ms: 176.649592
  ...
# Subtest: I23-01 Git common exception is limited to final .git component
ok 17 - I23-01 Git common exception is limited to final .git component
  ---
  duration_ms: 0.3858
  ...
# Subtest: I23-01 native separators normalize only on Windows request boundary
ok 18 - I23-01 native separators normalize only on Windows request boundary
  ---
  duration_ms: 28.505399
  ...
# Subtest: I23-02 registered secondary source creates under matching common
ok 19 - I23-02 registered secondary source creates under matching common
  ---
  duration_ms: 181.390891
  ...
# Subtest: I23-02 whole foreign repository switch is rejected before source access
ok 20 - I23-02 whole foreign repository switch is rejected before source access
  ---
  duration_ms: 48.513698
  ...
# Subtest: I23-06 an unverified release cannot authorize creation
ok 21 - I23-06 an unverified release cannot authorize creation
  ---
  duration_ms: 185.713281
  ...
# Subtest: I23-03 seed declares exact capability and strict draft obligation
ok 22 - I23-03 seed declares exact capability and strict draft obligation
  ---
  duration_ms: 138.783578
  ...
# Subtest: I23-04 Git worktree checkout cannot run hooks or smudge filter
ok 23 - I23-04 Git worktree checkout cannot run hooks or smudge filter
  ---
  duration_ms: 73.052388
  ...
# Subtest: I23-04 safe checkout creates owner without running post-checkout hook
ok 24 - I23-04 safe checkout creates owner without running post-checkout hook
  ---
  duration_ms: 136.387821
  ...
# Subtest: I23-05 check rejects nonexistent and unrelated baseline commits
ok 25 - I23-05 check rejects nonexistent and unrelated baseline commits
  ---
  duration_ms: 206.90589
  ...
# Subtest: I23-05 check rejects linked manifest parent
ok 26 - I23-05 check rejects linked manifest parent
  ---
  duration_ms: 156.417921
  ...
1..26
# tests 26
# suites 0
# pass 26
# fail 0
# cancelled 0
# skipped 0
# todo 0
# duration_ms 4007.036399
