TAP version 13
# Subtest: FWE-003-A01 plan previews exact owner and files without writing
ok 1 - FWE-003-A01 plan previews exact owner and files without writing
  ---
  duration_ms: 178.416517
  ...
# Subtest: FWE-001-A01 and FWE-002-A01 create registers isolated baseline and intake
ok 2 - FWE-001-A01 and FWE-002-A01 create registers isolated baseline and intake
  ---
  duration_ms: 261.488256
  ...
# Subtest: FWE-003-A02 same request returns owner; changed request and foreign branch blocks
ok 3 - FWE-003-A02 same request returns owner; changed request and foreign branch blocks
  ---
  duration_ms: 456.430376
  ...
# Subtest: FWE-003-A03 retained intent recovers a registered partial worktree
ok 4 - FWE-003-A03 retained intent recovers a registered partial worktree
  ---
  duration_ms: 240.685402
  ...
# Subtest: FWE-003-A04 rejects foreign common, traversal, link and case collisions
ok 5 - FWE-003-A04 rejects foreign common, traversal, link and case collisions
  ---
  duration_ms: 186.441028
  ...
# Subtest: FWE-001-A02 POSIX canonical owner paths accept safe absolute and reject unsafe
ok 6 - FWE-001-A02 POSIX canonical owner paths accept safe absolute and reject unsafe
  ---
  duration_ms: 0.570597
  ...
# Subtest: FWE-003-A05 request self-approval and policy drift cannot authorize create
ok 7 - FWE-003-A05 request self-approval and policy drift cannot authorize create
  ---
  duration_ms: 111.257117
  ...
# Subtest: FWE-001-A03 check binds manifest to owner and rejects malformed state
ok 8 - FWE-001-A03 check binds manifest to owner and rejects malformed state
  ---
  duration_ms: 206.984981
  ...
# Subtest: FWE-003-A06 rejects pre-existing baseline state and case-variant Git ref
ok 9 - FWE-003-A06 rejects pre-existing baseline state and case-variant Git ref
  ---
  duration_ms: 148.282763
  ...
# Subtest: I23-01 Git common exception is limited to final .git component
ok 10 - I23-01 Git common exception is limited to final .git component
  ---
  duration_ms: 0.415524
  ...
# Subtest: I23-01 native separators normalize only on Windows request boundary
ok 11 - I23-01 native separators normalize only on Windows request boundary
  ---
  duration_ms: 27.461673
  ...
# Subtest: I23-02 registered secondary source creates under matching common
ok 12 - I23-02 registered secondary source creates under matching common
  ---
  duration_ms: 177.90202
  ...
# Subtest: I23-02 whole foreign repository switch is rejected before source access
ok 13 - I23-02 whole foreign repository switch is rejected before source access
  ---
  duration_ms: 51.777988
  ...
# Subtest: I23-06 an unverified release cannot authorize creation
ok 14 - I23-06 an unverified release cannot authorize creation
  ---
  duration_ms: 36.42106
  ...
# Subtest: I23-03 seed declares exact capability and strict draft obligation
ok 15 - I23-03 seed declares exact capability and strict draft obligation
  ---
  duration_ms: 132.149854
  ...
# Subtest: I23-04 Git worktree checkout cannot run hooks or smudge filter
ok 16 - I23-04 Git worktree checkout cannot run hooks or smudge filter
  ---
  duration_ms: 75.013238
  ...
# Subtest: I23-04 safe checkout creates owner without running post-checkout hook
ok 17 - I23-04 safe checkout creates owner without running post-checkout hook
  ---
  duration_ms: 137.717895
  ...
# Subtest: I23-05 check rejects nonexistent and unrelated baseline commits
ok 18 - I23-05 check rejects nonexistent and unrelated baseline commits
  ---
  duration_ms: 185.911033
  ...
# Subtest: I23-05 check rejects linked manifest parent
ok 19 - I23-05 check rejects linked manifest parent
  ---
  duration_ms: 141.690438
  ...
1..19
# tests 19
# suites 0
# pass 19
# fail 0
# cancelled 0
# skipped 0
# todo 0
# duration_ms 2783.899575
