TAP version 13
# Subtest: I21-01 two stages own unique independent changes and semantic map is frozen
ok 1 - I21-01 two stages own unique independent changes and semantic map is frozen
  ---
  duration_ms: 14.948533
  ...
# Subtest: I21-06 malformed lists, generic requirement IDs, and Windows-invalid paths fail closed
ok 2 - I21-06 malformed lists, generic requirement IDs, and Windows-invalid paths fail closed
  ---
  duration_ms: 5.964763
  ...
# Subtest: I21-07 case folding closes frozen Apps/packages and malformed scope gaps
ok 3 - I21-07 case folding closes frozen Apps/packages and malformed scope gaps
  ---
  duration_ms: 2.189818
  ...
# Subtest: I21-05 repeated deterministic failures require classified RCA and trusted proof
ok 4 - I21-05 repeated deterministic failures require classified RCA and trusted proof
  ---
  duration_ms: 10.407212
  ...
# Subtest: I21-02/08 controlled temporary Git closure syncs only delta requirements and proves CLOSED
ok 5 - I21-02/08 controlled temporary Git closure syncs only delta requirements and proves CLOSED
  ---
  duration_ms: 619.223625
  ...
1..5
# tests 5
# suites 0
# pass 5
# fail 0
# cancelled 0
# skipped 0
# todo 0
# duration_ms 670.943861
