TAP version 13
# Subtest: FWE-003-A01 plan previews exact owner and files without writing
ok 1 - FWE-003-A01 plan previews exact owner and files without writing
  ---
  duration_ms: 114.200702
  ...
# Subtest: FWE-001-A01 and FWE-002-A01 create registers isolated baseline and intake
ok 2 - FWE-001-A01 and FWE-002-A01 create registers isolated baseline and intake
  ---
  duration_ms: 178.37837
  ...
# Subtest: FWE-003-A02 same request returns owner; changed request and foreign branch blocks
ok 3 - FWE-003-A02 same request returns owner; changed request and foreign branch blocks
  ---
  duration_ms: 368.570348
  ...
# Subtest: FWE-003-A03 retained intent recovers a registered partial worktree
ok 4 - FWE-003-A03 retained intent recovers a registered partial worktree
  ---
  duration_ms: 184.92263
  ...
# Subtest: FWE-003-A04 rejects foreign common, traversal, link and case collisions
ok 5 - FWE-003-A04 rejects foreign common, traversal, link and case collisions
  ---
  duration_ms: 151.260865
  ...
# Subtest: FWE-001-A02 POSIX canonical owner paths accept safe absolute and reject unsafe
ok 6 - FWE-001-A02 POSIX canonical owner paths accept safe absolute and reject unsafe
  ---
  duration_ms: 0.494571
  ...
# Subtest: FWE-003-A05 request self-approval and policy drift cannot authorize create
ok 7 - FWE-003-A05 request self-approval and policy drift cannot authorize create
  ---
  duration_ms: 94.355213
  ...
# Subtest: FWE-001-A03 check binds manifest to owner and rejects malformed state
ok 8 - FWE-001-A03 check binds manifest to owner and rejects malformed state
  ---
  duration_ms: 177.010223
  ...
# Subtest: FWE-003-A06 rejects pre-existing baseline state and case-variant Git ref
ok 9 - FWE-003-A06 rejects pre-existing baseline state and case-variant Git ref
  ---
  duration_ms: 136.60353
  ...
# Subtest: I23-01 Git common exception is limited to final .git component
ok 10 - I23-01 Git common exception is limited to final .git component
  ---
  duration_ms: 0.410804
  ...
# Subtest: I23-02 registered secondary source creates under matching common
ok 11 - I23-02 registered secondary source creates under matching common
  ---
  duration_ms: 199.476647
  ...
# Subtest: I23-02 whole foreign repository switch is rejected before source access
ok 12 - I23-02 whole foreign repository switch is rejected before source access
  ---
  duration_ms: 34.903646
  ...
# Subtest: I23-03 seed declares exact capability and strict draft obligation
ok 13 - I23-03 seed declares exact capability and strict draft obligation
  ---
  duration_ms: 138.273811
  ...
# Subtest: I23-04 Git worktree checkout cannot run hooks or smudge filter
ok 14 - I23-04 Git worktree checkout cannot run hooks or smudge filter
  ---
  duration_ms: 76.323871
  ...
# Subtest: I23-05 check rejects nonexistent and unrelated baseline commits
ok 15 - I23-05 check rejects nonexistent and unrelated baseline commits
  ---
  duration_ms: 217.260705
  ...
# Subtest: I23-05 check rejects linked manifest parent
ok 16 - I23-05 check rejects linked manifest parent
  ---
  duration_ms: 145.70307
  ...
1..16
# tests 16
# suites 0
# pass 16
# fail 0
# cancelled 0
# skipped 0
# todo 0
# duration_ms 2232.774028
