TAP version 13
# Subtest: FWE-003-A01 plan previews exact owner and files without writing
ok 1 - FWE-003-A01 plan previews exact owner and files without writing
  ---
  duration_ms: 176.238479
  ...
# Subtest: FWE-001-A01 and FWE-002-A01 create registers isolated baseline and intake
ok 2 - FWE-001-A01 and FWE-002-A01 create registers isolated baseline and intake
  ---
  duration_ms: 175.033812
  ...
# Subtest: FWE-003-A02 same request returns owner; changed request and foreign branch blocks
ok 3 - FWE-003-A02 same request returns owner; changed request and foreign branch blocks
  ---
  duration_ms: 379.327853
  ...
# Subtest: FWE-003-A03 retained intent recovers a registered partial worktree
ok 4 - FWE-003-A03 retained intent recovers a registered partial worktree
  ---
  duration_ms: 190.5621
  ...
# Subtest: FWE-003-A04 rejects foreign common, traversal, link and case collisions
ok 5 - FWE-003-A04 rejects foreign common, traversal, link and case collisions
  ---
  duration_ms: 150.123022
  ...
# Subtest: FWE-001-A02 POSIX canonical owner paths accept safe absolute and reject unsafe
ok 6 - FWE-001-A02 POSIX canonical owner paths accept safe absolute and reject unsafe
  ---
  duration_ms: 0.454025
  ...
# Subtest: FWE-003-A05 request self-approval and policy drift cannot authorize create
ok 7 - FWE-003-A05 request self-approval and policy drift cannot authorize create
  ---
  duration_ms: 91.960615
  ...
# Subtest: FWE-001-A03 check binds manifest to owner and rejects malformed state
ok 8 - FWE-001-A03 check binds manifest to owner and rejects malformed state
  ---
  duration_ms: 173.720034
  ...
# Subtest: FWE-003-A06 rejects pre-existing baseline state and case-variant Git ref
ok 9 - FWE-003-A06 rejects pre-existing baseline state and case-variant Git ref
  ---
  duration_ms: 131.217261
  ...
# Subtest: I23-01 Git common exception is limited to final .git component
ok 10 - I23-01 Git common exception is limited to final .git component
  ---
  duration_ms: 0.393523
  ...
# Subtest: I23-02 registered secondary source creates under matching common
ok 11 - I23-02 registered secondary source creates under matching common
  ---
  duration_ms: 192.538196
  ...
# Subtest: I23-02 whole foreign repository switch is rejected before source access
ok 12 - I23-02 whole foreign repository switch is rejected before source access
  ---
  duration_ms: 53.210739
  ...
# Subtest: I23-06 an unverified release cannot authorize creation
ok 13 - I23-06 an unverified release cannot authorize creation
  ---
  duration_ms: 34.958195
  ...
# Subtest: I23-03 seed declares exact capability and strict draft obligation
ok 14 - I23-03 seed declares exact capability and strict draft obligation
  ---
  duration_ms: 139.039012
  ...
# Subtest: I23-04 Git worktree checkout cannot run hooks or smudge filter
ok 15 - I23-04 Git worktree checkout cannot run hooks or smudge filter
  ---
  duration_ms: 74.46647
  ...
# Subtest: I23-04 safe checkout creates owner without running post-checkout hook
ok 16 - I23-04 safe checkout creates owner without running post-checkout hook
  ---
  duration_ms: 134.678713
  ...
# Subtest: I23-05 check rejects nonexistent and unrelated baseline commits
ok 17 - I23-05 check rejects nonexistent and unrelated baseline commits
  ---
  duration_ms: 191.112826
  ...
# Subtest: I23-05 check rejects linked manifest parent
ok 18 - I23-05 check rejects linked manifest parent
  ---
  duration_ms: 144.412956
  ...
1..18
# tests 18
# suites 0
# pass 18
# fail 0
# cancelled 0
# skipped 0
# todo 0
# duration_ms 2450.139209
