TAP version 13
# Subtest: I21-01 two stages own unique independent changes and semantic map is frozen
ok 1 - I21-01 two stages own unique independent changes and semantic map is frozen
  ---
  duration_ms: 12.832315
  ...
# Subtest: I21-06 malformed lists, generic requirement IDs, and Windows-invalid paths fail closed
ok 2 - I21-06 malformed lists, generic requirement IDs, and Windows-invalid paths fail closed
  ---
  duration_ms: 5.936443
  ...
# Subtest: I21-07 case folding closes frozen Apps/packages and malformed scope gaps
ok 3 - I21-07 case folding closes frozen Apps/packages and malformed scope gaps
  ---
  duration_ms: 3.275001
  ...
# Subtest: I21-05 repeated deterministic failures require classified RCA and trusted proof
ok 4 - I21-05 repeated deterministic failures require classified RCA and trusted proof
  ---
  duration_ms: 7.915258
  ...
# Subtest: I21-02/08 controlled temporary Git closure syncs only delta requirements and proves CLOSED
ok 5 - I21-02/08 controlled temporary Git closure syncs only delta requirements and proves CLOSED
  ---
  duration_ms: 562.370783
  ...
1..5
# tests 5
# suites 0
# pass 5
# fail 0
# cancelled 0
# skipped 0
# todo 0
# duration_ms 608.872603
