 M apps/desktop/src/main/drawio-theme-bridge.ts
 M apps/desktop/tests/e2e/ui-contract-theme.spec.ts
 M apps/desktop/tests/e2e/workbench-multiroot.spec.ts
 M apps/desktop/tests/unit/drawio-theme.test.ts
 M docs/ui/UI-DESIGN-CONTRACT-STATUS.md
 M docs/ui/decisions/p01-theme-traceability.json
 M openspec/changes/frade-p01-theme-core/execution-context.json
?? openspec/changes/frade-p01-theme-core/evidence/current-bundle-focus-diagnostic-path.txt
?? openspec/changes/frade-p01-theme-core/evidence/current-canvas-hit-diagnostic-path.txt
?? openspec/changes/frade-p01-theme-core/evidence/current-lower-async-red-path.txt
?? openspec/changes/frade-p01-theme-core/evidence/current-lower-detached-style-path.txt
?? openspec/changes/frade-p01-theme-core/evidence/current-lower-final-targeted-path.txt
?? openspec/changes/frade-p01-theme-core/evidence/current-lower-full-root-path.txt
?? openspec/changes/frade-p01-theme-core/evidence/current-lower-grid-green-path.txt
?? openspec/changes/frade-p01-theme-core/evidence/current-lower-grid-red-path.txt
?? openspec/changes/frade-p01-theme-core/evidence/current-lower-red-path.txt
?? openspec/changes/frade-p01-theme-core/evidence/current-lower-style-green-path.txt
?? openspec/changes/frade-p01-theme-core/evidence/current-lower-style-red-path.txt
?? openspec/changes/frade-p01-theme-core/evidence/current-popup-verification-inputs-path.txt
?? openspec/changes/frade-p01-theme-core/evidence/p01-bundle-focus-diagnostic-20261001T215131Z/
?? openspec/changes/frade-p01-theme-core/evidence/p01-canvas-hit-diagnostic-20261001T220140Z/
?? openspec/changes/frade-p01-theme-core/evidence/p01-canvas-hit-diagnostic-20261001T220227Z/
?? openspec/changes/frade-p01-theme-core/evidence/p01-lower-actions-20261001T203231Z/
?? openspec/changes/frade-p01-theme-core/evidence/p01-lower-actions-green-20261001T203923Z/
?? openspec/changes/frade-p01-theme-core/evidence/p01-lower-actions-labels-20261001T204054Z/
?? openspec/changes/frade-p01-theme-core/evidence/p01-lower-actions-return-20261001T204500Z/
?? openspec/changes/frade-p01-theme-core/evidence/p01-lower-async-prepare-red-20261001T213547Z/
?? openspec/changes/frade-p01-theme-core/evidence/p01-lower-capability-red-20261001T203501Z/
?? openspec/changes/frade-p01-theme-core/evidence/p01-lower-checkmark-red-20261001T210213Z/
?? openspec/changes/frade-p01-theme-core/evidence/p01-lower-detached-style-diagnostic-20261001T221640Z/
?? openspec/changes/frade-p01-theme-core/evidence/p01-lower-detached-style-diagnostic-20261001T221722Z/
?? openspec/changes/frade-p01-theme-core/evidence/p01-lower-final-targeted-20261001T213317Z/
?? openspec/changes/frade-p01-theme-core/evidence/p01-lower-focus-geometry-rca-20261001T205740Z.json
?? openspec/changes/frade-p01-theme-core/evidence/p01-lower-full-root-20261001T213855Z/
?? openspec/changes/frade-p01-theme-core/evidence/p01-lower-full-root-20261001T214051Z/
?? openspec/changes/frade-p01-theme-core/evidence/p01-lower-full-root-20261001T221201Z/
?? openspec/changes/frade-p01-theme-core/evidence/p01-lower-full-root-20261001T223210Z/
?? openspec/changes/frade-p01-theme-core/evidence/p01-lower-full-root-runner-20261001T221150Z.mjs
?? openspec/changes/frade-p01-theme-core/evidence/p01-lower-glyph-pixel-rca-20261001T211350Z.json
?? openspec/changes/frade-p01-theme-core/evidence/p01-lower-glyph-pixel-red-20261001T211155Z/
?? openspec/changes/frade-p01-theme-core/evidence/p01-lower-green-entry-20261001T203025Z/
?? openspec/changes/frade-p01-theme-core/evidence/p01-lower-grid-green-20261001T220849Z/
?? openspec/changes/frade-p01-theme-core/evidence/p01-lower-grid-offset-red-20261001T220703Z/
?? openspec/changes/frade-p01-theme-core/evidence/p01-lower-lifecycle-red-20261001T212535Z/
?? openspec/changes/frade-p01-theme-core/evidence/p01-lower-matrix-glyph-20261001T205831Z/
?? openspec/changes/frade-p01-theme-core/evidence/p01-lower-matrix-red-20261001T205232Z/
?? openspec/changes/frade-p01-theme-core/evidence/p01-lower-matrix-runtime-20261001T205330Z/
?? openspec/changes/frade-p01-theme-core/evidence/p01-lower-menu-focus-diagnostic-20261001T203425Z/
?? openspec/changes/frade-p01-theme-core/evidence/p01-lower-menu-focus-rca-20261001T203717Z.json
?? openspec/changes/frade-p01-theme-core/evidence/p01-lower-opener-recreation-red-20261001T204749Z/
?? openspec/changes/frade-p01-theme-core/evidence/p01-lower-openspec-checks-20261001T214617Z/
?? openspec/changes/frade-p01-theme-core/evidence/p01-lower-recreation-red-20261001T204216Z/
?? openspec/changes/frade-p01-theme-core/evidence/p01-lower-runtime-red-20261001T202101Z/
?? openspec/changes/frade-p01-theme-core/evidence/p01-lower-six-state-20261001T210505Z/
?? openspec/changes/frade-p01-theme-core/evidence/p01-lower-six-state-current-20261001T211933Z/
?? openspec/changes/frade-p01-theme-core/evidence/p01-lower-style-full-root-runner-20261001T223105Z.mjs
?? openspec/changes/frade-p01-theme-core/evidence/p01-lower-style-green-20261001T222725Z/
?? openspec/changes/frade-p01-theme-core/evidence/p01-lower-style-green-20261001T222844Z/
?? openspec/changes/frade-p01-theme-core/evidence/p01-lower-style-lifecycle-red-20261001T222052Z/
?? openspec/changes/frade-p01-theme-core/evidence/p01-popup-verification-inputs-20261001T223732Z/
