openspec/changes/frade-p01-theme-core/evidence/p01-lower-actions-20261001T203231Z/electron.txt:8: trailing whitespace.
+  1) tests\e2e\ui-contract-theme.spec.ts:2461:1 › P01-LOWER original keyboard page menu duplicate rename move remove, submenu and cancellation 
openspec/changes/frade-p01-theme-core/evidence/p01-lower-actions-20261001T203231Z/electron.txt:41: trailing whitespace.
+    tests\e2e\ui-contract-theme.spec.ts:2461:1 › P01-LOWER original keyboard page menu duplicate rename move remove, submenu and cancellation 
openspec/changes/frade-p01-theme-core/evidence/p01-lower-actions-20261001T203231Z/electron.txt:52: new blank line at EOF.
openspec/changes/frade-p01-theme-core/evidence/p01-lower-actions-green-20261001T203923Z/electron.txt:8: trailing whitespace.
+  1) tests\e2e\ui-contract-theme.spec.ts:2461:1 › P01-LOWER original keyboard page menu duplicate rename move remove, submenu and cancellation 
openspec/changes/frade-p01-theme-core/evidence/p01-lower-actions-green-20261001T203923Z/electron.txt:40: trailing whitespace.
+    tests\e2e\ui-contract-theme.spec.ts:2461:1 › P01-LOWER original keyboard page menu duplicate rename move remove, submenu and cancellation 
openspec/changes/frade-p01-theme-core/evidence/p01-lower-actions-green-20261001T203923Z/electron.txt:51: new blank line at EOF.
openspec/changes/frade-p01-theme-core/evidence/p01-lower-actions-labels-20261001T204054Z/electron.txt:8: trailing whitespace.
+  1) tests\e2e\ui-contract-theme.spec.ts:2461:1 › P01-LOWER original keyboard page menu duplicate rename move remove, submenu and cancellation 
openspec/changes/frade-p01-theme-core/evidence/p01-lower-actions-labels-20261001T204054Z/electron.txt:40: trailing whitespace.
+    tests\e2e\ui-contract-theme.spec.ts:2461:1 › P01-LOWER original keyboard page menu duplicate rename move remove, submenu and cancellation 
openspec/changes/frade-p01-theme-core/evidence/p01-lower-actions-labels-20261001T204054Z/electron.txt:51: new blank line at EOF.
openspec/changes/frade-p01-theme-core/evidence/p01-lower-actions-return-20261001T204500Z/electron.txt:8: trailing whitespace.
+  1) tests\e2e\ui-contract-theme.spec.ts:2465:1 › P01-LOWER original keyboard page menu duplicate rename move remove, submenu and cancellation 
openspec/changes/frade-p01-theme-core/evidence/p01-lower-actions-return-20261001T204500Z/electron.txt:45: trailing whitespace.
+    tests\e2e\ui-contract-theme.spec.ts:2465:1 › P01-LOWER original keyboard page menu duplicate rename move remove, submenu and cancellation 
openspec/changes/frade-p01-theme-core/evidence/p01-lower-actions-return-20261001T204500Z/electron.txt:56: new blank line at EOF.
openspec/changes/frade-p01-theme-core/evidence/p01-lower-capability-red-20261001T203501Z/unit.txt:48: new blank line at EOF.
openspec/changes/frade-p01-theme-core/evidence/p01-lower-checkmark-red-20261001T210213Z/unit.txt:51: new blank line at EOF.
openspec/changes/frade-p01-theme-core/evidence/p01-lower-full-root-20261001T214051Z/desktop-artifacts/ui-contract-theme-P01-actu-870d1-ds-through-managed-overlays/navigator-final.html:35: trailing whitespace.
+</div></div><div class="field " data-field-path="high_availability.capacity_reservation_type"><div class="field-heading"><label title="capacity_reservation_type">Тип резервирования 
openspec/changes/frade-p01-theme-core/evidence/p01-lower-full-root-20261001T214051Z/desktop-artifacts/ui-contract-theme-P01-actu-870d1-ds-through-managed-overlays/navigator-final.html:36: trailing whitespace.
+в пределах одной зоны доступности<span class="required"> *</span></label><code>capacity_reservation_type</code></div><select aria-label="Тип резервирования 
openspec/changes/frade-p01-theme-core/evidence/p01-lower-full-root-20261001T214051Z/desktop-artifacts/ui-contract-theme-P01-actu-870d1-ds-through-managed-overlays/navigator-final.html:38: trailing whitespace.
+</div></div><div class="field " data-field-path="high_availability.capacity_management"><div class="field-heading"><label title="capacity_management">Полнота резервирования 
openspec/changes/frade-p01-theme-core/evidence/p01-lower-full-root-20261001T214051Z/desktop-artifacts/ui-contract-theme-P01-actu-870d1-ds-through-managed-overlays/navigator-final.html:39: trailing whitespace.
+в пределах одной зоны доступности<span class="required"> *</span></label><code>capacity_management</code></div><select aria-label="Полнота резервирования 
openspec/changes/frade-p01-theme-core/evidence/p01-lower-full-root-20261001T214051Z/desktop-artifacts/ui-contract-theme-P01-actu-870d1-ds-through-managed-overlays/navigator-final.html:43: trailing whitespace.
+</div></div><div class="field " data-field-path="disaster_recovery.capacity_reservation_type"><div class="field-heading"><label title="capacity_reservation_type">Тип резервирования 
openspec/changes/frade-p01-theme-core/evidence/p01-lower-full-root-20261001T214051Z/desktop-artifacts/ui-contract-theme-P01-actu-870d1-ds-through-managed-overlays/navigator-final.html:44: trailing whitespace.
+в резервных зонах доступности<span class="required"> *</span></label><code>capacity_reservation_type</code></div><select aria-label="Тип резервирования 
openspec/changes/frade-p01-theme-core/evidence/p01-lower-full-root-20261001T214051Z/desktop-artifacts/ui-contract-theme-P01-actu-870d1-ds-through-managed-overlays/navigator-final.html:46: trailing whitespace.
+</div></div><div class="field " data-field-path="disaster_recovery.capacity_management"><div class="field-heading"><label title="capacity_management">Полнота резервирования 
openspec/changes/frade-p01-theme-core/evidence/p01-lower-full-root-20261001T214051Z/desktop-artifacts/ui-contract-theme-P01-actu-870d1-ds-through-managed-overlays/navigator-final.html:47: trailing whitespace.
+в резервных зонах доступности<span class="required"> *</span></label><code>capacity_management</code></div><select aria-label="Полнота резервирования 
openspec/changes/frade-p01-theme-core/evidence/p01-lower-full-root-20261001T214051Z/desktop-artifacts/ui-contract-theme-P01-actu-870d1-ds-through-managed-overlays/navigator-final.html:50: trailing whitespace.
+</div></div></section><section class="field-group"><h2>Параметры бекапирования</h2><div class="field " data-field-path="backup"><div class="field-heading"><label title="backup">Бекапирование<span class="required"> *</span></label><code>backup</code></div><fieldset class="nested-fields"><legend>Бекапирование</legend><div class="field " data-field-path="backup.placement"><div class="field-heading"><label title="placement">Резервное копирование 
openspec/changes/frade-p01-theme-core/evidence/p01-lower-full-root-20261001T214051Z/desktop-artifacts/ui-contract-theme-P01-actu-870d1-ds-through-managed-overlays/navigator-final.html:51: trailing whitespace.
+(место хранение бекапа)<span class="required"> *</span></label><code>placement</code></div><select aria-label="Резервное копирование 
openspec/changes/frade-p01-theme-core/evidence/p01-lower-full-root-20261001T214051Z/desktop-artifacts/ui-contract-theme-P01-actu-870d1-ds-through-managed-overlays/navigator-final.html:53: trailing whitespace.
+</div></div><div class="field " data-field-path="backup.backup_placement"><div class="field-heading"><label title="backup_placement">Резервное копирование дубликата 
openspec/changes/frade-p01-theme-core/evidence/p01-lower-full-root-20261001T214051Z/desktop-artifacts/ui-contract-theme-P01-actu-870d1-ds-through-managed-overlays/navigator-final.html:54: trailing whitespace.
+(место хранения дубликата резервной копии)<span class="required"> *</span></label><code>backup_placement</code></div><select aria-label="Резервное копирование дубликата 
openspec/changes/frade-p01-theme-core/evidence/p01-lower-full-root-20261001T214051Z/desktop-artifacts/ui-contract-theme-P01-actu-870d1-ds-through-managed-overlays/navigator-final.html:58: trailing whitespace.
+  
openspec/changes/frade-p01-theme-core/evidence/p01-lower-full-root-20261001T223210Z/desktop-artifacts/ui-contract-theme-P01-actu-870d1-ds-through-managed-overlays/navigator-final.html:35: trailing whitespace.
+</div></div><div class="field " data-field-path="high_availability.capacity_reservation_type"><div class="field-heading"><label title="capacity_reservation_type">Тип резервирования 
openspec/changes/frade-p01-theme-core/evidence/p01-lower-full-root-20261001T223210Z/desktop-artifacts/ui-contract-theme-P01-actu-870d1-ds-through-managed-overlays/navigator-final.html:36: trailing whitespace.
+в пределах одной зоны доступности<span class="required"> *</span></label><code>capacity_reservation_type</code></div><select aria-label="Тип резервирования 
openspec/changes/frade-p01-theme-core/evidence/p01-lower-full-root-20261001T223210Z/desktop-artifacts/ui-contract-theme-P01-actu-870d1-ds-through-managed-overlays/navigator-final.html:38: trailing whitespace.
+</div></div><div class="field " data-field-path="high_availability.capacity_management"><div class="field-heading"><label title="capacity_management">Полнота резервирования 
openspec/changes/frade-p01-theme-core/evidence/p01-lower-full-root-20261001T223210Z/desktop-artifacts/ui-contract-theme-P01-actu-870d1-ds-through-managed-overlays/navigator-final.html:39: trailing whitespace.
+в пределах одной зоны доступности<span class="required"> *</span></label><code>capacity_management</code></div><select aria-label="Полнота резервирования 
openspec/changes/frade-p01-theme-core/evidence/p01-lower-full-root-20261001T223210Z/desktop-artifacts/ui-contract-theme-P01-actu-870d1-ds-through-managed-overlays/navigator-final.html:43: trailing whitespace.
+</div></div><div class="field " data-field-path="disaster_recovery.capacity_reservation_type"><div class="field-heading"><label title="capacity_reservation_type">Тип резервирования 
openspec/changes/frade-p01-theme-core/evidence/p01-lower-full-root-20261001T223210Z/desktop-artifacts/ui-contract-theme-P01-actu-870d1-ds-through-managed-overlays/navigator-final.html:44: trailing whitespace.
+в резервных зонах доступности<span class="required"> *</span></label><code>capacity_reservation_type</code></div><select aria-label="Тип резервирования 
openspec/changes/frade-p01-theme-core/evidence/p01-lower-full-root-20261001T223210Z/desktop-artifacts/ui-contract-theme-P01-actu-870d1-ds-through-managed-overlays/navigator-final.html:46: trailing whitespace.
+</div></div><div class="field " data-field-path="disaster_recovery.capacity_management"><div class="field-heading"><label title="capacity_management">Полнота резервирования 
openspec/changes/frade-p01-theme-core/evidence/p01-lower-full-root-20261001T223210Z/desktop-artifacts/ui-contract-theme-P01-actu-870d1-ds-through-managed-overlays/navigator-final.html:47: trailing whitespace.
+в резервных зонах доступности<span class="required"> *</span></label><code>capacity_management</code></div><select aria-label="Полнота резервирования 
openspec/changes/frade-p01-theme-core/evidence/p01-lower-full-root-20261001T223210Z/desktop-artifacts/ui-contract-theme-P01-actu-870d1-ds-through-managed-overlays/navigator-final.html:50: trailing whitespace.
+</div></div></section><section class="field-group"><h2>Параметры бекапирования</h2><div class="field " data-field-path="backup"><div class="field-heading"><label title="backup">Бекапирование<span class="required"> *</span></label><code>backup</code></div><fieldset class="nested-fields"><legend>Бекапирование</legend><div class="field " data-field-path="backup.placement"><div class="field-heading"><label title="placement">Резервное копирование 
openspec/changes/frade-p01-theme-core/evidence/p01-lower-full-root-20261001T223210Z/desktop-artifacts/ui-contract-theme-P01-actu-870d1-ds-through-managed-overlays/navigator-final.html:51: trailing whitespace.
+(место хранение бекапа)<span class="required"> *</span></label><code>placement</code></div><select aria-label="Резервное копирование 
openspec/changes/frade-p01-theme-core/evidence/p01-lower-full-root-20261001T223210Z/desktop-artifacts/ui-contract-theme-P01-actu-870d1-ds-through-managed-overlays/navigator-final.html:53: trailing whitespace.
+</div></div><div class="field " data-field-path="backup.backup_placement"><div class="field-heading"><label title="backup_placement">Резервное копирование дубликата 
openspec/changes/frade-p01-theme-core/evidence/p01-lower-full-root-20261001T223210Z/desktop-artifacts/ui-contract-theme-P01-actu-870d1-ds-through-managed-overlays/navigator-final.html:54: trailing whitespace.
+(место хранения дубликата резервной копии)<span class="required"> *</span></label><code>backup_placement</code></div><select aria-label="Резервное копирование дубликата 
openspec/changes/frade-p01-theme-core/evidence/p01-lower-full-root-20261001T223210Z/desktop-artifacts/ui-contract-theme-P01-actu-870d1-ds-through-managed-overlays/navigator-final.html:58: trailing whitespace.
+  
openspec/changes/frade-p01-theme-core/evidence/p01-lower-glyph-pixel-red-20261001T211155Z/electron.txt:8: trailing whitespace.
+  1) tests\e2e\ui-contract-theme.spec.ts:2466:1 › P01-LOWER original keyboard page menu duplicate rename move remove, submenu and cancellation 
openspec/changes/frade-p01-theme-core/evidence/p01-lower-glyph-pixel-red-20261001T211155Z/electron.txt:39: trailing whitespace.
+    tests\e2e\ui-contract-theme.spec.ts:2466:1 › P01-LOWER original keyboard page menu duplicate rename move remove, submenu and cancellation 
openspec/changes/frade-p01-theme-core/evidence/p01-lower-glyph-pixel-red-20261001T211155Z/electron.txt:55: new blank line at EOF.
openspec/changes/frade-p01-theme-core/evidence/p01-lower-green-entry-20261001T203025Z/electron.txt:7: trailing whitespace.
+  1) tests\e2e\ui-contract-theme.spec.ts:2412:1 › P01-LOWER actual canvas F6 entry preserves document, selection, undo and viewport 
openspec/changes/frade-p01-theme-core/evidence/p01-lower-green-entry-20261001T203025Z/electron.txt:59: trailing whitespace.
+    tests\e2e\ui-contract-theme.spec.ts:2412:1 › P01-LOWER actual canvas F6 entry preserves document, selection, undo and viewport 
openspec/changes/frade-p01-theme-core/evidence/p01-lower-green-entry-20261001T203025Z/electron.txt:69: new blank line at EOF.
openspec/changes/frade-p01-theme-core/evidence/p01-lower-lifecycle-red-20261001T212535Z/unit.txt:24: trailing whitespace.
+Received: 
openspec/changes/frade-p01-theme-core/evidence/p01-lower-lifecycle-red-20261001T212535Z/unit.txt:51: trailing whitespace.
+Received: 
openspec/changes/frade-p01-theme-core/evidence/p01-lower-lifecycle-red-20261001T212535Z/unit.txt:97: new blank line at EOF.
openspec/changes/frade-p01-theme-core/evidence/p01-lower-matrix-runtime-20261001T205330Z/electron.txt:8: trailing whitespace.
+  1) tests\e2e\ui-contract-theme.spec.ts:2613:3 › P01-LOWER-matrix light compact actual lower and popup target focus contrast bounds 
openspec/changes/frade-p01-theme-core/evidence/p01-lower-matrix-runtime-20261001T205330Z/electron.txt:54: trailing whitespace.
+    tests\e2e\ui-contract-theme.spec.ts:2613:3 › P01-LOWER-matrix light compact actual lower and popup target focus contrast bounds 
openspec/changes/frade-p01-theme-core/evidence/p01-lower-matrix-runtime-20261001T205330Z/electron.txt:65: new blank line at EOF.
openspec/changes/frade-p01-theme-core/evidence/p01-lower-menu-focus-diagnostic-20261001T203425Z/electron.txt:8: trailing whitespace.
+  1) tests\e2e\ui-contract-theme.spec.ts:2461:1 › P01-LOWER original keyboard page menu duplicate rename move remove, submenu and cancellation 
openspec/changes/frade-p01-theme-core/evidence/p01-lower-menu-focus-diagnostic-20261001T203425Z/electron.txt:41: trailing whitespace.
+    tests\e2e\ui-contract-theme.spec.ts:2461:1 › P01-LOWER original keyboard page menu duplicate rename move remove, submenu and cancellation 
openspec/changes/frade-p01-theme-core/evidence/p01-lower-menu-focus-diagnostic-20261001T203425Z/electron.txt:52: new blank line at EOF.
openspec/changes/frade-p01-theme-core/evidence/p01-lower-opener-recreation-red-20261001T204749Z/unit.txt:33: trailing whitespace.
+- Expected: 
openspec/changes/frade-p01-theme-core/evidence/p01-lower-opener-recreation-red-20261001T204749Z/unit.txt:36: trailing whitespace.
++ Received: 
openspec/changes/frade-p01-theme-core/evidence/p01-lower-opener-recreation-red-20261001T204749Z/unit.txt:53: new blank line at EOF.
openspec/changes/frade-p01-theme-core/evidence/p01-lower-recreation-red-20261001T204216Z/unit.txt:182: new blank line at EOF.
openspec/changes/frade-p01-theme-core/evidence/p01-lower-runtime-red-20261001T202101Z/electron.txt:7: trailing whitespace.
+  1) tests\e2e\ui-contract-theme.spec.ts:2412:1 › P01-LOWER actual canvas F6 entry preserves document, selection, undo and viewport 
openspec/changes/frade-p01-theme-core/evidence/p01-lower-runtime-red-20261001T202101Z/electron.txt:39: trailing whitespace.
+    tests\e2e\ui-contract-theme.spec.ts:2412:1 › P01-LOWER actual canvas F6 entry preserves document, selection, undo and viewport 
openspec/changes/frade-p01-theme-core/evidence/p01-lower-runtime-red-20261001T202101Z/electron.txt:49: new blank line at EOF.
openspec/changes/frade-p01-theme-core/evidence/p01-lower-runtime-red-20261001T202101Z/unit-menu.txt:50: trailing whitespace.
+- Expected: 
openspec/changes/frade-p01-theme-core/evidence/p01-lower-runtime-red-20261001T202101Z/unit-menu.txt:53: trailing whitespace.
++ Received: 
openspec/changes/frade-p01-theme-core/evidence/p01-lower-runtime-red-20261001T202101Z/unit-menu.txt:69: trailing whitespace.
+- Expected: 
openspec/changes/frade-p01-theme-core/evidence/p01-lower-runtime-red-20261001T202101Z/unit-menu.txt:72: trailing whitespace.
++ Received: 
openspec/changes/frade-p01-theme-core/evidence/p01-lower-runtime-red-20261001T202101Z/unit-menu.txt:89: new blank line at EOF.
openspec/changes/frade-p01-theme-core/evidence/p01-lower-runtime-red-20261001T202101Z/unit.txt:47: new blank line at EOF.
openspec/changes/frade-p01-theme-core/evidence/p01-lower-six-state-20261001T210505Z/electron.txt:14: trailing whitespace.
+  1) tests\e2e\ui-contract-theme.spec.ts:2465:1 › P01-LOWER original keyboard page menu duplicate rename move remove, submenu and cancellation 
openspec/changes/frade-p01-theme-core/evidence/p01-lower-six-state-20261001T210505Z/electron.txt:50: trailing whitespace.
+    tests\e2e\ui-contract-theme.spec.ts:2465:1 › P01-LOWER original keyboard page menu duplicate rename move remove, submenu and cancellation 
openspec/changes/frade-p01-theme-core/evidence/p01-lower-six-state-20261001T210505Z/electron.txt:66: new blank line at EOF.
openspec/changes/frade-p01-theme-core/evidence/p01-lower-style-green-20261001T222844Z/visual-candidates.md:52: new blank line at EOF.
openspec/changes/frade-p01-theme-core/evidence/p01-popup-focused-verify-20261001T225306Z/bdd.stdout.txt:16: new blank line at EOF.
