TAP version 13
# Subtest: FWE-013-A01 exact current headings, order, duplicate and injection rejection
ok 1 - FWE-013-A01 exact current headings, order, duplicate and injection rejection
  ---
  duration_ms: 5.179731
  ...
# Subtest: FWE-014-A01 stable checklist ids and administrative counts
ok 2 - FWE-014-A01 stable checklist ids and administrative counts
  ---
  duration_ms: 2.626731
  ...
# Subtest: FWE-014-A02 current source-bound proof only; human boundary never accepted
ok 3 - FWE-014-A02 current source-bound proof only; human boundary never accepted
  ---
  duration_ms: 20.439875
  ...
# Subtest: FWE-014-A03 contradictory phase/health and applicability block
ok 4 - FWE-014-A03 contradictory phase/health and applicability block
  ---
  duration_ms: 1.26094
  ...
# Subtest: FWE-014-A04 raw artifact bytes bind every executable assertion
ok 5 - FWE-014-A04 raw artifact bytes bind every executable assertion
  ---
  duration_ms: 41.517426
  ...
# Subtest: FWE-014-A05 required check PASS needs trusted bound raw receipt
ok 6 - FWE-014-A05 required check PASS needs trusted bound raw receipt
  ---
  duration_ms: 3.347223
  ...
# Subtest: FWE-013-A02 different directions share exact Russian headings and safe strings
ok 7 - FWE-013-A02 different directions share exact Russian headings and safe strings
  ---
  duration_ms: 4.714267
  ...
# Subtest: FWE-013-S02 and FWE-015-S01 actual Git owner, freeze, legacy history, queued panel
ok 8 - FWE-013-S02 and FWE-015-S01 actual Git owner, freeze, legacy history, queued panel
  ---
  duration_ms: 287.000098
  ...
1..8
# tests 8
# suites 0
# pass 8
# fail 0
# cancelled 0
# skipped 0
# todo 0
# duration_ms 384.214826
