TAP version 13
# Subtest: FWE-013-A01 exact current headings, order, duplicate and injection rejection
ok 1 - FWE-013-A01 exact current headings, order, duplicate and injection rejection
  ---
  duration_ms: 3.767103
  ...
# Subtest: FWE-014-A01 stable checklist ids and administrative counts
ok 2 - FWE-014-A01 stable checklist ids and administrative counts
  ---
  duration_ms: 3.052184
  ...
# Subtest: FWE-014-A02 current source-bound proof only; human boundary never accepted
ok 3 - FWE-014-A02 current source-bound proof only; human boundary never accepted
  ---
  duration_ms: 14.089718
  ...
# Subtest: FWE-014-A03 contradictory phase/health and applicability block
ok 4 - FWE-014-A03 contradictory phase/health and applicability block
  ---
  duration_ms: 1.311575
  ...
# Subtest: FWE-014-A04 raw artifact bytes bind every executable assertion
ok 5 - FWE-014-A04 raw artifact bytes bind every executable assertion
  ---
  duration_ms: 22.013982
  ...
# Subtest: FWE-014-A05 required check PASS needs trusted bound raw receipt
ok 6 - FWE-014-A05 required check PASS needs trusted bound raw receipt
  ---
  duration_ms: 2.516716
  ...
# Subtest: FWE-013-A02 different directions share exact Russian headings and safe strings
ok 7 - FWE-013-A02 different directions share exact Russian headings and safe strings
  ---
  duration_ms: 3.090645
  ...
# Subtest: FWE-013-S02 and FWE-015-S01 actual Git owner, freeze, legacy history, queued panel
ok 8 - FWE-013-S02 and FWE-015-S01 actual Git owner, freeze, legacy history, queued panel
  ---
  duration_ms: 181.354253
  ...
# Subtest: FWE-015-S02 actual checkpoint-only change stales the previous projection until refresh
ok 9 - FWE-015-S02 actual checkpoint-only change stales the previous projection until refresh
  ---
  duration_ms: 152.536614
  ...
# Subtest: FWE-015 no UI operation and self-declared panel flags remain NOT_OPENED
ok 10 - FWE-015 no UI operation and self-declared panel flags remain NOT_OPENED
  ---
  duration_ms: 57.973404
  ...
# Subtest: FWE-015 visible state requires actual trusted controller raw receipt
ok 11 - FWE-015 visible state requires actual trusted controller raw receipt
  ---
  duration_ms: 45.566911
  ...
# Subtest: FWE-013 W01 legacy BRANCH-STATUS remains mapped to its registered origin
ok 12 - FWE-013 W01 legacy BRANCH-STATUS remains mapped to its registered origin
  ---
  duration_ms: 58.792084
  ...
# Subtest: FWE-015 freeze arriving during awaited trusted proof defers the write
ok 13 - FWE-015 freeze arriving during awaited trusted proof defers the write
  ---
  duration_ms: 79.953449
  ...
# Subtest: FWE-013 status target cannot overwrite an in-scope non-dashboard file
ok 14 - FWE-013 status target cannot overwrite an in-scope non-dashboard file
  ---
  duration_ms: 105.360313
  ...
# Subtest: FWE-013 POSIX origin fields reject native backslashes
ok 15 - FWE-013 POSIX origin fields reject native backslashes
  ---
  duration_ms: 35.594455
  ...
1..15
# tests 15
# suites 0
# pass 15
# fail 0
# cancelled 0
# skipped 0
# todo 0
# duration_ms 786.771779
